2026-01-30 20:55:29,962 [INFO] MASTER: ================================================================================
2026-01-30 20:55:29,962 [INFO] MASTER: MCM 2026 PROBLEM C: THE INVISIBLE HAND - 全系统合龙启动
2026-01-30 20:55:29,963 [INFO] MASTER: 项目根目录: /mnt/d/Code/MCM_2026
2026-01-30 20:55:29,963 [INFO] MASTER: ================================================================================
2026-01-30 20:55:29,963 [INFO] MASTER: >>> [STEP 1] 启动 Stage 1: ETL 与 黄金因子库构建...
2026-01-30 20:55:29,964 [INFO] root: ============================================================
2026-01-30 20:55:29,964 [INFO] root: STAGE 1: 启动全流程数据处理流水线 (Bronze -> Silver -> Gold)
2026-01-30 20:55:29,964 [INFO] root: ============================================================
2026-01-30 20:55:29,964 [INFO] root: [Step 1/8] 正在提取 Bronze 层原始数据...
2026-01-30 20:55:29,981 [INFO] root: 正在从 /mnt/d/Code/MCM_2026/data/bronze/2026_MCM_Problem_C_Data.csv 读取原始数据...
2026-01-30 20:55:29,993 [INFO] root: Bronze 数据加载成功，Shape: (421, 53)
2026-01-30 20:55:29,994 [INFO] root: [Step 2/8] 执行文本解析与字符串归一化...
2026-01-30 20:55:29,994 [INFO] root: 开始解析 Results 状态列...
2026-01-30 20:55:30,003 [INFO] root: [Step 3/8] 执行长短表变换及统计标准化 (Robust Z-Score)...
2026-01-30 20:55:30,003 [INFO] root: 执行 Wide-to-Long 变换 (Melt)...
2026-01-30 20:55:30,046 [INFO] root: 按赛季执行 Robust Z-Score 标准化...
2026-01-30 20:55:30,064 [INFO] root: 执行特征映射与行业聚合...
2026-01-30 20:55:30,079 [INFO] root: 计算舞伴历史溢价因子 (Partner Alpha)...
2026-01-30 20:55:30,087 [INFO] root: 执行结构性断裂检测 (Season 28 Check)...
2026-01-30 20:55:30,090 [INFO] root: T-test 结果: t_stat=3.1962, p_value=1.4036e-03
2026-01-30 20:55:30,091 [INFO] root: >>> 结论：Season 28 评分尺度存在显著结构性偏移。
2026-01-30 20:55:30,093 [INFO] root: 正在生成周度聚合分 (Technical Totals)...
2026-01-30 20:55:30,100 [INFO] root: [Step 4/8] 启动 Silver 层逻辑一致性审计...
2026-01-30 20:55:30,114 [INFO] root: 当前 Silver 表列名: ['celebrity_name', 'ballroom_partner', 'celebrity_industry', 'celebrity_homestate', 'celebrity_homecountry/region', 'celebrity_age_during_season', 'season', 'placement', 'results', 'final_status', 'eliminated_week', 'raw_score', 'week_num', 'judge_id', 'score_z', 'industry_group', 'age_group', 'partner_alpha', 'week_avg_score', 'week_total_score', 'judge_count']
2026-01-30 20:55:30,114 [INFO] root: --- 启动 Silver Data 质量审计 ---
2026-01-30 20:55:30,115 [INFO] root: [PASSED] Null Check - celebrity_name: 发现 0 个空值
2026-01-30 20:55:30,115 [INFO] root: [PASSED] Null Check - season: 发现 0 个空值
2026-01-30 20:55:30,116 [INFO] root: [PASSED] Null Check - week_num: 发现 0 个空值
2026-01-30 20:55:30,116 [INFO] root: [PASSED] Null Check - raw_score: 发现 0 个空值
2026-01-30 20:55:30,117 [INFO] root: [PASSED] Score Range Check: 发现 0 行分数超出范围 [0, 15.0]
2026-01-30 20:55:30,119 [INFO] root: [PASSED] Survival Logic Check: 发现 0 条逻辑冲突：选手淘汰后依然有得分记录
2026-01-30 20:55:30,119 [INFO] root: [PASSED] Season Completeness: 预期 34 个赛季，实际观测到 34 个
2026-01-30 20:55:30,141 [INFO] root: --- 审计通过：数据可用于反演建模 ---
2026-01-30 20:55:30,141 [INFO] root: Silver 层审计通过。
2026-01-30 20:55:30,244 [INFO] root: Silver 数据已持久化至: /mnt/d/Code/MCM_2026/data/silver/cleaned_long_format.csv
2026-01-30 20:55:30,244 [INFO] root: [Step 6/8] 启动特征工厂：计算 Partner Alpha 与 行业溢价...
2026-01-30 20:55:30,244 [INFO] root: 计算舞伴历史溢价因子 (Partner Alpha)...
2026-01-30 20:55:30,246 [INFO] root: [Step 7/8] 正在构建黄金因子库 (Gold Layer)...
2026-01-30 20:55:30,247 [INFO] root: 正在构建动态表现因子 (Momentum Logic)...
2026-01-30 20:55:30,307 [INFO] root: 正在构建竞争环境因子...
2026-01-30 20:55:30,351 [INFO] root: 正在构建 Celebrity 静态因子 (Dummies)...
2026-01-30 20:55:30,357 [INFO] root: 黄金因子库构建完成。特征维度: (9112, 33)
2026-01-30 20:55:30,502 [INFO] root: [Step 8/8] 黄金因子库已保存至: /mnt/d/Code/MCM_2026/data/gold/factor_library.csv
2026-01-30 20:55:30,502 [INFO] root: ============================================================
2026-01-30 20:55:30,502 [INFO] root: STAGE 1 任务成功结束！数据地基已固若金汤。
2026-01-30 20:55:30,503 [INFO] root: Silver 观测点: 9112 | Gold 因子数: 33
2026-01-30 20:55:30,503 [INFO] root: ============================================================
2026-01-30 20:55:30,504 [INFO] MASTER: Stage 1 成功。产出因子维度: (9112, 33)
2026-01-30 20:55:30,504 [INFO] MASTER: >>> [STEP 2] 启动 Stage 2: 贝叶斯逆向优化反演 (Task 1)...
2026-01-30 20:55:30,520 [INFO] root: >>> 启动贝叶斯反向优化引擎 (BIO-Engine)...
2026-01-30 20:55:31,289 [WARNING] root: [Solver] Season 1 SLSQP 未收敛，正在执行约束转换并切换至 COBYLA...
2026-01-30 20:55:33,004 [WARNING] root: [Solver] Season 1 SLSQP 未收敛，正在执行约束转换并切换至 COBYLA...
2026-01-30 20:55:33,811 [WARNING] root: [Solver] Season 1 SLSQP 未收敛，正在执行约束转换并切换至 COBYLA...
2026-01-30 20:55:33,918 [WARNING] root: [Solver] Season 2 SLSQP 未收敛，正在执行约束转换并切换至 COBYLA...
2026-01-30 20:55:34,247 [WARNING] root: [Solver] Season 2 SLSQP 未收敛，正在执行约束转换并切换至 COBYLA...
2026-01-30 20:55:34,562 [WARNING] root: [Solver] Season 2 SLSQP 未收敛，正在执行约束转换并切换至 COBYLA...
2026-01-30 20:55:36,884 [WARNING] root: [Solver] Season 2 SLSQP 未收敛，正在执行约束转换并切换至 COBYLA...
2026-01-30 20:55:39,523 [WARNING] root: [Solver] Season 10 SLSQP 未收敛，正在执行约束转换并切换至 COBYLA...
2026-01-30 20:55:47,279 [WARNING] root: [Solver] Season 28 SLSQP 未收敛，正在执行约束转换并切换至 COBYLA...
2026-01-30 20:55:47,502 [WARNING] root: [Solver] Season 28 SLSQP 未收敛，正在执行约束转换并切换至 COBYLA...
2026-01-30 20:55:48,451 [WARNING] root: [Solver] Season 28 SLSQP 未收敛，正在执行约束转换并切换至 COBYLA...
2026-01-30 20:55:48,505 [WARNING] root: [Solver] Season 28 SLSQP 未收敛，正在执行约束转换并切换至 COBYLA...
2026-01-30 20:55:49,558 [WARNING] root: [Solver] Season 29 SLSQP 未收敛，正在执行约束转换并切换至 COBYLA...
2026-01-30 20:55:52,888 [WARNING] root: [Solver] Season 29 SLSQP 未收敛，正在执行约束转换并切换至 COBYLA...
2026-01-30 20:55:53,165 [WARNING] root: [Solver] Season 29 SLSQP 未收敛，正在执行约束转换并切换至 COBYLA...
2026-01-30 20:55:55,704 [WARNING] root: [Solver] Season 29 SLSQP 未收敛，正在执行约束转换并切换至 COBYLA...
2026-01-30 20:55:58,009 [WARNING] root: [Solver] Season 29 SLSQP 未收敛，正在执行约束转换并切换至 COBYLA...
2026-01-30 20:56:00,095 [WARNING] root: [Solver] Season 29 SLSQP 未收敛，正在执行约束转换并切换至 COBYLA...
2026-01-30 20:56:01,979 [WARNING] root: [Solver] Season 30 SLSQP 未收敛，正在执行约束转换并切换至 COBYLA...
2026-01-30 20:56:06,016 [WARNING] root: [Solver] Season 30 SLSQP 未收敛，正在执行约束转换并切换至 COBYLA...
2026-01-30 20:56:09,335 [WARNING] root: [Solver] Season 30 SLSQP 未收敛，正在执行约束转换并切换至 COBYLA...
2026-01-30 20:56:11,919 [WARNING] root: [Solver] Season 30 SLSQP 未收敛，正在执行约束转换并切换至 COBYLA...
2026-01-30 20:56:13,151 [WARNING] root: [Solver] Season 31 SLSQP 未收敛，正在执行约束转换并切换至 COBYLA...
2026-01-30 20:56:16,411 [WARNING] root: [Solver] Season 31 SLSQP 未收敛，正在执行约束转换并切换至 COBYLA...
2026-01-30 20:56:18,006 [WARNING] root: [Solver] Season 31 SLSQP 未收敛，正在执行约束转换并切换至 COBYLA...
2026-01-30 20:56:20,689 [WARNING] root: [Solver] Season 31 SLSQP 未收敛，正在执行约束转换并切换至 COBYLA...
2026-01-30 20:56:18,571 [WARNING] root: [Solver] Season 31 SLSQP 未收敛，正在执行约束转换并切换至 COBYLA...
2026-01-30 20:56:19,169 [WARNING] root: [Solver] Season 31 SLSQP 未收敛，正在执行约束转换并切换至 COBYLA...
2026-01-30 20:56:21,929 [WARNING] root: [Solver] Season 31 SLSQP 未收敛，正在执行约束转换并切换至 COBYLA...
2026-01-30 20:56:22,215 [WARNING] root: [Solver] Season 32 SLSQP 未收敛，正在执行约束转换并切换至 COBYLA...
2026-01-30 20:56:25,158 [WARNING] root: [Solver] Season 32 SLSQP 未收敛，正在执行约束转换并切换至 COBYLA...
2026-01-30 20:56:25,331 [WARNING] root: [Solver] Season 32 SLSQP 未收敛，正在执行约束转换并切换至 COBYLA...
2026-01-30 20:56:26,208 [WARNING] root: [Solver] Season 32 SLSQP 未收敛，正在执行约束转换并切换至 COBYLA...
2026-01-30 20:56:26,681 [WARNING] root: [Solver] Season 32 SLSQP 未收敛，正在执行约束转换并切换至 COBYLA...
2026-01-30 20:56:27,267 [WARNING] root: [Solver] Season 32 SLSQP 未收敛，正在执行约束转换并切换至 COBYLA...
2026-01-30 20:56:27,724 [WARNING] root: [Solver] Season 32 SLSQP 未收敛，正在执行约束转换并切换至 COBYLA...
2026-01-30 20:56:28,036 [WARNING] root: [Solver] Season 33 SLSQP 未收敛，正在执行约束转换并切换至 COBYLA...
2026-01-30 20:56:31,315 [WARNING] root: [Solver] Season 33 SLSQP 未收敛，正在执行约束转换并切换至 COBYLA...
2026-01-30 20:56:33,708 [WARNING] root: [Solver] Season 33 SLSQP 未收敛，正在执行约束转换并切换至 COBYLA...
2026-01-30 20:56:34,148 [WARNING] root: [Solver] Season 34 SLSQP 未收敛，正在执行约束转换并切换至 COBYLA...
2026-01-30 20:56:34,640 [WARNING] root: [Solver] Season 34 SLSQP 未收敛，正在执行约束转换并切换至 COBYLA...
2026-01-30 20:56:36,298 [WARNING] root: [Solver] Season 34 SLSQP 未收敛，正在执行约束转换并切换至 COBYLA...
2026-01-30 20:56:36,887 [WARNING] root: [Solver] Season 34 SLSQP 未收敛，正在执行约束转换并切换至 COBYLA...
2026-01-30 20:56:37,261 [WARNING] root: [Solver] Season 34 SLSQP 未收敛，正在执行约束转换并切换至 COBYLA...
2026-01-30 20:56:39,461 [WARNING] root: [Solver] Season 34 SLSQP 未收敛，正在执行约束转换并切换至 COBYLA...
2026-01-30 20:56:39,499 [INFO] root: BIO 反演结束。优化器收敛率: 84.34%
2026-01-30 20:56:39,956 [INFO] MASTER: ================================================================================
2026-01-30 20:56:39,957 [INFO] MASTER: FINAL SYSTEM SUMMARY
2026-01-30 20:56:39,957 [INFO] MASTER: ================================================================================
2026-01-30 20:56:39,957 [INFO] MASTER: 优化器收敛率 (Solver Convergence): 83.57%
2026-01-30 20:56:39,958 [INFO] MASTER: 平均估计确定性 (Mean Certainty): 4.14%
2026-01-30 20:56:39,962 [INFO] MASTER: 重点观测 [Bobby Bones]: 估算平均得票权重 = 2.43%
2026-01-30 20:56:39,962 [INFO] MASTER: 全流程运行结束。结果已持久化至: /mnt/d/Code/MCM_2026/data/gold/final_platinum_results.csv
2026-01-30 20:56:39,963 [INFO] MASTER: 运行日志详见: /mnt/d/Code/MCM_2026/logs/mcm_full_run_20260130_205529.log
2026-01-30 20:56:39,963 [INFO] MASTER: ================================================================================
