2026-01-30 20:42:46,330 [INFO] MASTER: ================================================================================
2026-01-30 20:42:46,331 [INFO] MASTER: MCM 2026 PROBLEM C: THE INVISIBLE HAND - 全系统合龙启动
2026-01-30 20:42:46,332 [INFO] MASTER: 项目根目录: /mnt/d/Code/MCM_2026
2026-01-30 20:42:46,332 [INFO] MASTER: ================================================================================
2026-01-30 20:42:46,333 [INFO] MASTER: >>> [STEP 1] 启动 Stage 1: ETL 与 黄金因子库构建...
2026-01-30 20:42:46,333 [INFO] root: ============================================================
2026-01-30 20:42:46,333 [INFO] root: STAGE 1: 启动全流程数据处理流水线 (Bronze -> Silver -> Gold)
2026-01-30 20:42:46,334 [INFO] root: ============================================================
2026-01-30 20:42:46,335 [INFO] root: [Step 1/8] 正在提取 Bronze 层原始数据...
2026-01-30 20:42:46,352 [INFO] root: 正在从 /mnt/d/Code/MCM_2026/data/bronze/2026_MCM_Problem_C_Data.csv 读取原始数据...
2026-01-30 20:42:46,377 [INFO] root: Bronze 数据加载成功，Shape: (421, 53)
2026-01-30 20:42:46,377 [INFO] root: [Step 2/8] 执行文本解析与字符串归一化...
2026-01-30 20:42:46,377 [INFO] root: 开始解析 Results 状态列...
2026-01-30 20:42:46,387 [INFO] root: [Step 3/8] 执行长短表变换及统计标准化 (Robust Z-Score)...
2026-01-30 20:42:46,387 [INFO] root: 执行 Wide-to-Long 变换 (Melt)...
2026-01-30 20:42:46,429 [INFO] root: 按赛季执行 Robust Z-Score 标准化...
2026-01-30 20:42:46,447 [INFO] root: 执行特征映射与行业聚合...
2026-01-30 20:42:46,464 [INFO] root: 计算舞伴历史溢价因子 (Partner Alpha)...
2026-01-30 20:42:46,472 [INFO] root: 执行结构性断裂检测 (Season 28 Check)...
2026-01-30 20:42:46,475 [INFO] root: T-test 结果: t_stat=3.1962, p_value=1.4036e-03
2026-01-30 20:42:46,476 [INFO] root: >>> 结论：Season 28 评分尺度存在显著结构性偏移。
2026-01-30 20:42:46,476 [INFO] root: 正在生成周度聚合分 (Technical Totals)...
2026-01-30 20:42:46,482 [INFO] root: [Step 4/8] 启动 Silver 层逻辑一致性审计...
2026-01-30 20:42:46,494 [INFO] root: 当前 Silver 表列名: ['celebrity_name', 'ballroom_partner', 'celebrity_industry', 'celebrity_homestate', 'celebrity_homecountry/region', 'celebrity_age_during_season', 'season', 'placement', 'results', 'final_status', 'eliminated_week', 'raw_score', 'week_num', 'judge_id', 'score_z', 'industry_group', 'age_group', 'partner_alpha', 'week_avg_score', 'week_total_score', 'judge_count']
2026-01-30 20:42:46,495 [INFO] root: --- 启动 Silver Data 质量审计 ---
2026-01-30 20:42:46,495 [INFO] root: [PASSED] Null Check - celebrity_name: 发现 0 个空值
2026-01-30 20:42:46,496 [INFO] root: [PASSED] Null Check - season: 发现 0 个空值
2026-01-30 20:42:46,497 [INFO] root: [PASSED] Null Check - week_num: 发现 0 个空值
2026-01-30 20:42:46,497 [INFO] root: [PASSED] Null Check - raw_score: 发现 0 个空值
2026-01-30 20:42:46,498 [INFO] root: [PASSED] Score Range Check: 发现 0 行分数超出范围 [0, 15.0]
2026-01-30 20:42:46,500 [INFO] root: [PASSED] Survival Logic Check: 发现 0 条逻辑冲突：选手淘汰后依然有得分记录
2026-01-30 20:42:46,500 [INFO] root: [PASSED] Season Completeness: 预期 34 个赛季，实际观测到 34 个
2026-01-30 20:42:46,520 [INFO] root: --- 审计通过：数据可用于反演建模 ---
2026-01-30 20:42:46,520 [INFO] root: Silver 层审计通过。
2026-01-30 20:42:46,616 [INFO] root: Silver 数据已持久化至: /mnt/d/Code/MCM_2026/data/silver/cleaned_long_format.csv
2026-01-30 20:42:46,616 [INFO] root: [Step 6/8] 启动特征工厂：计算 Partner Alpha 与 行业溢价...
2026-01-30 20:42:46,617 [INFO] root: 计算舞伴历史溢价因子 (Partner Alpha)...
2026-01-30 20:42:46,619 [INFO] root: [Step 7/8] 正在构建黄金因子库 (Gold Layer)...
2026-01-30 20:42:46,619 [INFO] root: 正在构建动态表现因子 (Momentum Logic)...
2026-01-30 20:42:46,683 [INFO] root: 正在构建竞争环境因子...
2026-01-30 20:42:46,716 [INFO] root: 正在构建 Celebrity 静态因子 (Dummies)...
2026-01-30 20:42:46,725 [INFO] root: 黄金因子库构建完成。特征维度: (9112, 33)
2026-01-30 20:42:46,920 [INFO] root: [Step 8/8] 黄金因子库已保存至: /mnt/d/Code/MCM_2026/data/gold/factor_library.csv
2026-01-30 20:42:46,920 [INFO] root: ============================================================
2026-01-30 20:42:46,920 [INFO] root: STAGE 1 任务成功结束！数据地基已固若金汤。
2026-01-30 20:42:46,921 [INFO] root: Silver 观测点: 9112 | Gold 因子数: 33
2026-01-30 20:42:46,921 [INFO] root: ============================================================
2026-01-30 20:42:46,921 [INFO] MASTER: Stage 1 成功。产出因子维度: (9112, 33)
2026-01-30 20:42:46,922 [INFO] MASTER: >>> [STEP 2] 启动 Stage 2: 贝叶斯逆向优化反演 (Task 1)...
2026-01-30 20:42:46,939 [INFO] root: >>> 启动贝叶斯反向优化引擎 (BIO-Engine)...
2026-01-30 20:42:48,212 [WARNING] root: Season 1 Week X: 优化未完全收敛 - Iteration limit reached
2026-01-30 20:42:48,213 [CRITICAL] MASTER: 系统在运行过程中崩溃: Constraints of type 'eq' not handled by COBYLA.
Traceback (most recent call last):
  File "/mnt/d/Code/MCM_2026/main.py", line 67, in main
    df_platinum = sampler.run_inference()
  File "/mnt/d/Code/MCM_2026/src/core/bayes_sampler.py", line 76, in run_inference
    v_opt, success = optimizer.solve_week(judge_signals, elim_idx, prior_v=prior_v)
  File "/mnt/d/Code/MCM_2026/src/core/optimizer.py", line 74, in solve_week
    res = minimize(
  File "/home/alkaid/miniconda3/envs/solver/lib/python3.10/site-packages/scipy/optimize/_minimize.py", line 744, in minimize
    res = _minimize_cobyla(fun, x0, args, constraints, callback=callback,
  File "/home/alkaid/miniconda3/envs/solver/lib/python3.10/site-packages/scipy/optimize/_cobyla_py.py", line 35, in wrapper
    return func(*args, **kwargs)
  File "/home/alkaid/miniconda3/envs/solver/lib/python3.10/site-packages/scipy/optimize/_cobyla_py.py", line 251, in _minimize_cobyla
    raise ValueError(f"Constraints of type '{con['type']}' not handled by "
ValueError: Constraints of type 'eq' not handled by COBYLA.
